// Jest Snapshot v1, https://goo.gl/fbAQLP

exports[`<EmptyState> renders correctly 1`] = `
<View
  style={
    Object {
      "alignItems": "center",
      "flex": 1,
      "justifyContent": "center",
    }
  }
>
  <Text
    style={
      Object {
        "fontSize": 20,
        "fontWeight": "500",
      }
    }
  >
    Empty State Title
  </Text>
</View>
`;
