// Jest Snapshot v1, https://goo.gl/fbAQLP

exports[`<NoteFormModal> renders correctly 1`] = `
<View
  accessible={true}
  focusable={true}
  onClick={[Function]}
  onResponderGrant={[Function]}
  onResponderMove={[Function]}
  onResponderRelease={[Function]}
  onResponderTerminate={[Function]}
  onResponderTerminationRequest={[Function]}
  onStartShouldSetResponder={[Function]}
  style={
    Object {
      "bottom": 0,
      "left": 0,
      "position": "absolute",
      "right": 0,
      "top": 0,
    }
  }
>
  <View
    onLayout={[Function]}
    style={
      Array [
        Object {
          "flex": 1,
          "flexDirection": "column",
          "justifyContent": "center",
        },
        Object {
          "paddingBottom": 0,
        },
      ]
    }
  >
    <View
      style={
        Object {
          "backgroundColor": "white",
          "elevation": 5,
          "flex": 1,
          "margin": 0,
          "paddingVertical": 0,
          "shadowColor": "#fff",
          "shadowOffset": Object {
            "height": 2,
            "width": 0,
          },
          "shadowOpacity": 0.25,
          "shadowRadius": 4,
          "width": "100%",
        }
      }
    >
      <RCTScrollView
        showsVerticalScrollIndicator={false}
      >
        <View>
          <View
            style={
              Object {
                "padding": 30,
              }
            }
          >
            <View
              style={
                Object {
                  "alignItems": "center",
                  "flexDirection": "row",
                  "justifyContent": "space-between",
                  "marginBottom": 20,
                }
              }
            >
              <Text
                style={
                  Object {
                    "fontSize": 20,
                    "fontWeight": "700",
                  }
                }
              >
                title
              </Text>
              <View
                accessibilityRole="button"
                accessible={true}
                collapsable={false}
                focusable={true}
                onBlur={[Function]}
                onClick={[Function]}
                onFocus={[Function]}
                onResponderGrant={[Function]}
                onResponderMove={[Function]}
                onResponderRelease={[Function]}
                onResponderTerminate={[Function]}
                onResponderTerminationRequest={[Function]}
                onStartShouldSetResponder={[Function]}
                style={
                  Array [
                    Array [
                      Object {
                        "alignItems": "center",
                        "borderRadius": 30,
                        "height": 60,
                        "justifyContent": "center",
                        "padding": 5,
                        "width": "auto",
                      },
                      Object {
                        "backgroundColor": "transparent",
                      },
                    ],
                    undefined,
                    undefined,
                  ]
                }
              >
                <IonIcon
                  accessibilityLabel="close"
                  color="black"
                  name="close"
                  size={28}
                />
              </View>
            </View>
            <View
              style={
                Object {
                  "marginBottom": 20,
                }
              }
            >
              <Text
                style={
                  Object {
                    "color": "#6c757d",
                    "fontSize": 18,
                    "fontWeight": "500",
                    "marginBottom": 5,
                  }
                }
              >
                Title
              </Text>
              <View
                style={
                  Object {
                    "backgroundColor": "#F5F5F5",
                    "borderRadius": 10,
                    "justifyContent": "space-between",
                    "paddingHorizontal": 10,
                    "paddingVertical": 5,
                    "width": "100%",
                  }
                }
              >
                <TextInput
                  accessibilityLabel="input"
                  label="Title"
                  maxLength={50}
                  onChangeText={[Function]}
                  placeholderTextColor="#BDBDBD"
                  style={
                    Array [
                      Array [
                        Object {
                          "fontSize": 18,
                          "fontWeight": "500",
                          "height": 50,
                          "paddingHorizontal": 2,
                          "textAlignVertical": "top",
                        },
                        undefined,
                      ],
                      undefined,
                    ]
                  }
                  testID="title-input"
                  value=""
                />
              </View>
            </View>
            <View
              style={
                Object {
                  "marginBottom": 20,
                }
              }
            >
              <Text
                style={
                  Object {
                    "color": "#6c757d",
                    "fontSize": 18,
                    "fontWeight": "500",
                    "marginBottom": 5,
                  }
                }
              >
                Description
              </Text>
              <View
                style={
                  Object {
                    "backgroundColor": "#F5F5F5",
                    "borderRadius": 10,
                    "justifyContent": "space-between",
                    "paddingHorizontal": 10,
                    "paddingVertical": 5,
                    "width": "100%",
                  }
                }
              >
                <TextInput
                  accessibilityLabel="input"
                  extraStyles={
                    Object {
                      "height": 100,
                    }
                  }
                  label="Description"
                  maxLength={200}
                  multiline={true}
                  onChangeText={[Function]}
                  placeholderTextColor="#BDBDBD"
                  style={
                    Array [
                      Array [
                        Object {
                          "fontSize": 18,
                          "fontWeight": "500",
                          "height": 50,
                          "paddingHorizontal": 2,
                          "textAlignVertical": "top",
                        },
                        Object {
                          "height": 250,
                        },
                      ],
                      Object {
                        "height": 100,
                      },
                    ]
                  }
                  testID="description-input"
                  value=""
                />
              </View>
            </View>
            <View
              style={
                Object {
                  "marginBottom": 20,
                }
              }
            >
              <Text
                style={
                  Object {
                    "color": "#6c757d",
                    "fontSize": 18,
                    "fontWeight": "500",
                    "marginBottom": 5,
                  }
                }
              >
                Note
              </Text>
              <View
                style={
                  Object {
                    "backgroundColor": "#F5F5F5",
                    "borderRadius": 10,
                    "justifyContent": "space-between",
                    "paddingHorizontal": 10,
                    "paddingVertical": 5,
                    "width": "100%",
                  }
                }
              >
                <TextInput
                  accessibilityLabel="input"
                  extraStyles={
                    Object {
                      "height": "auto",
                      "minHeight": 250,
                    }
                  }
                  label="Note"
                  multiline={true}
                  onChangeText={[Function]}
                  placeholderTextColor="#BDBDBD"
                  style={
                    Array [
                      Array [
                        Object {
                          "fontSize": 18,
                          "fontWeight": "500",
                          "height": 50,
                          "paddingHorizontal": 2,
                          "textAlignVertical": "top",
                        },
                        Object {
                          "height": 250,
                        },
                      ],
                      Object {
                        "height": "auto",
                        "minHeight": 250,
                      },
                    ]
                  }
                  testID="note-input"
                  value=""
                />
              </View>
            </View>
            <View
              accessibilityRole="button"
              accessible={true}
              collapsable={false}
              focusable={true}
              onBlur={[Function]}
              onClick={[Function]}
              onFocus={[Function]}
              onResponderGrant={[Function]}
              onResponderMove={[Function]}
              onResponderRelease={[Function]}
              onResponderTerminate={[Function]}
              onResponderTerminationRequest={[Function]}
              onStartShouldSetResponder={[Function]}
              style={
                Array [
                  Array [
                    Object {
                      "alignItems": "center",
                      "borderRadius": 30,
                      "height": 60,
                      "justifyContent": "center",
                      "padding": 5,
                      "width": "auto",
                    },
                    Object {
                      "backgroundColor": "#007bff",
                    },
                  ],
                  undefined,
                  Object {
                    "marginTop": 30,
                  },
                ]
              }
              testID="submit-button"
            >
              <Text
                style={
                  Object {
                    "color": "white",
                    "fontSize": 18,
                    "fontWeight": "700",
                  }
                }
              >
                Save
              </Text>
            </View>
          </View>
        </View>
      </RCTScrollView>
    </View>
  </View>
</View>
`;
