// Jest Snapshot v1, https://goo.gl/fbAQLP

exports[`<NotesForm> renders correctly 1`] = `
Array [
  <View
    style={
      Object {
        "marginBottom": 20,
      }
    }
  >
    <Text
      style={
        Object {
          "color": "#6c757d",
          "fontSize": 18,
          "fontWeight": "500",
          "marginBottom": 5,
        }
      }
    >
      Title
    </Text>
    <View
      style={
        Object {
          "backgroundColor": "#F5F5F5",
          "borderRadius": 10,
          "justifyContent": "space-between",
          "paddingHorizontal": 10,
          "paddingVertical": 5,
          "width": "100%",
        }
      }
    >
      <TextInput
        accessibilityLabel="input"
        label="Title"
        maxLength={50}
        onChangeText={[Function]}
        placeholderTextColor="#BDBDBD"
        style={
          Array [
            Array [
              Object {
                "fontSize": 18,
                "fontWeight": "700",
                "height": 50,
                "paddingHorizontal": 2,
                "textAlignVertical": "top",
              },
              undefined,
            ],
            undefined,
          ]
        }
        testID="title-input"
        value=""
      />
    </View>
  </View>,
  <View
    style={
      Object {
        "marginBottom": 20,
      }
    }
  >
    <Text
      style={
        Object {
          "color": "#6c757d",
          "fontSize": 18,
          "fontWeight": "500",
          "marginBottom": 5,
        }
      }
    >
      Description
    </Text>
    <View
      style={
        Object {
          "backgroundColor": "#F5F5F5",
          "borderRadius": 10,
          "justifyContent": "space-between",
          "paddingHorizontal": 10,
          "paddingVertical": 5,
          "width": "100%",
        }
      }
    >
      <TextInput
        accessibilityLabel="input"
        extraStyles={
          Object {
            "height": 100,
          }
        }
        label="Description"
        maxLength={200}
        multiline={true}
        onChangeText={[Function]}
        placeholderTextColor="#BDBDBD"
        style={
          Array [
            Array [
              Object {
                "fontSize": 18,
                "fontWeight": "700",
                "height": 50,
                "paddingHorizontal": 2,
                "textAlignVertical": "top",
              },
              Object {
                "height": 250,
              },
            ],
            Object {
              "height": 100,
            },
          ]
        }
        testID="description-input"
        value=""
      />
    </View>
  </View>,
  <View
    style={
      Object {
        "marginBottom": 20,
      }
    }
  >
    <Text
      style={
        Object {
          "color": "#6c757d",
          "fontSize": 18,
          "fontWeight": "500",
          "marginBottom": 5,
        }
      }
    >
      Note
    </Text>
    <View
      style={
        Object {
          "backgroundColor": "#F5F5F5",
          "borderRadius": 10,
          "justifyContent": "space-between",
          "paddingHorizontal": 10,
          "paddingVertical": 5,
          "width": "100%",
        }
      }
    >
      <TextInput
        accessibilityLabel="input"
        extraStyles={
          Object {
            "height": "auto",
            "minHeight": 250,
          }
        }
        label="Note"
        multiline={true}
        onChangeText={[Function]}
        placeholderTextColor="#BDBDBD"
        style={
          Array [
            Array [
              Object {
                "fontSize": 18,
                "fontWeight": "700",
                "height": 50,
                "paddingHorizontal": 2,
                "textAlignVertical": "top",
              },
              Object {
                "height": 250,
              },
            ],
            Object {
              "height": "auto",
              "minHeight": 250,
            },
          ]
        }
        testID="note-input"
        value=""
      />
    </View>
  </View>,
  <View
    accessibilityRole="button"
    accessible={true}
    collapsable={false}
    focusable={true}
    onBlur={[Function]}
    onClick={[Function]}
    onFocus={[Function]}
    onResponderGrant={[Function]}
    onResponderMove={[Function]}
    onResponderRelease={[Function]}
    onResponderTerminate={[Function]}
    onResponderTerminationRequest={[Function]}
    onStartShouldSetResponder={[Function]}
    style={
      Array [
        Array [
          Object {
            "alignItems": "center",
            "borderRadius": 30,
            "height": 60,
            "justifyContent": "center",
            "padding": 5,
            "width": "auto",
          },
          Object {
            "backgroundColor": "#007bff",
          },
        ],
        undefined,
        Object {
          "marginTop": 30,
        },
      ]
    }
    testID="submit-button"
  >
    <Text
      style={
        Object {
          "color": "white",
        }
      }
    >
      Save
    </Text>
  </View>,
]
`;
