// Jest Snapshot v1, https://goo.gl/fbAQLP

exports[`<BottomSheet> renders correctly 1`] = `
Array [
  <View
    accessible={true}
    focusable={true}
    onClick={[Function]}
    onResponderGrant={[Function]}
    onResponderMove={[Function]}
    onResponderRelease={[Function]}
    onResponderTerminate={[Function]}
    onResponderTerminationRequest={[Function]}
    onStartShouldSetResponder={[Function]}
    style={
      Object {
        "backgroundColor": "rgba(0,0,0,0.8)",
        "bottom": 0,
        "left": 0,
        "position": "absolute",
        "right": 0,
        "top": 0,
      }
    }
  />,
  <View
    style={
      Object {
        "backgroundColor": "white",
        "borderTopLeftRadius": 20,
        "borderTopRightRadius": 20,
        "bottom": 0,
        "height": "auto",
        "left": 0,
        "maxHeight": 933.8,
        "position": "absolute",
        "right": 0,
        "width": 750,
        "zIndex": 2,
      }
    }
  >
    <View
      style={
        Object {
          "alignSelf": "center",
          "backgroundColor": "grey",
          "borderRadius": 10,
          "height": 5,
          "marginTop": 10,
          "width": 50,
        }
      }
    />
    <View
      style={
        Object {
          "flex": 1,
          "paddingVertical": 30,
          "position": "relative",
          "width": "100%",
        }
      }
    >
      <RCTScrollView
        showsVerticalScrollIndicator={false}
      >
        <View>
          <View>
            <Text>
              Test
            </Text>
          </View>
        </View>
      </RCTScrollView>
    </View>
  </View>,
]
`;
