// Jest Snapshot v1, https://goo.gl/fbAQLP

exports[`<Wrapper> renders correctly 1`] = `
<View
  style={
    Array [
      Object {
        "flex": 1,
      },
      undefined,
    ]
  }
>
  <View
    accessible={true}
    collapsable={false}
    focusable={true}
    onBlur={[Function]}
    onClick={[Function]}
    onFocus={[Function]}
    onResponderGrant={[Function]}
    onResponderMove={[Function]}
    onResponderRelease={[Function]}
    onResponderTerminate={[Function]}
    onResponderTerminationRequest={[Function]}
    onStartShouldSetResponder={[Function]}
    style={
      Object {
        "backgroundColor": "#FDE69A",
        "borderColor": "#FDE69A",
        "borderRadius": 6,
        "borderWidth": 1,
        "elevation": 3,
        "justifyContent": "space-between",
        "marginBottom": 20,
        "padding": 12,
        "shadowColor": "#000",
        "shadowOffset": Object {
          "height": 1,
          "width": 0,
        },
        "shadowOpacity": 0.1,
        "shadowRadius": 2,
        "width": "100%",
      }
    }
  >
    <View
      style={
        Object {
          "flexDirection": "row",
          "justifyContent": "space-between",
          "width": "100%",
        }
      }
    >
      <Text
        ellipsizeMode="tail"
        numberOfLines={1}
        style={
          Object {
            "flex": 1,
            "fontSize": 18,
            "fontWeight": "700",
            "marginBottom": 5,
            "maxWidth": "76%",
          }
        }
      >
        Note title
      </Text>
      <Text>
        2023-2-15
      </Text>
    </View>
    <Text
      ellipsizeMode="tail"
      numberOfLines={2}
    >
      Note description
    </Text>
  </View>
</View>
`;
