// Jest Snapshot v1, https://goo.gl/fbAQLP

exports[`<Modal> renders correctly 1`] = `
<View
  accessible={true}
  focusable={true}
  onClick={[Function]}
  onResponderGrant={[Function]}
  onResponderMove={[Function]}
  onResponderRelease={[Function]}
  onResponderTerminate={[Function]}
  onResponderTerminationRequest={[Function]}
  onStartShouldSetResponder={[Function]}
  style={
    Object {
      "bottom": 0,
      "left": 0,
      "position": "absolute",
      "right": 0,
      "top": 0,
    }
  }
>
  <View
    onLayout={[Function]}
    style={
      Array [
        Object {
          "flex": 1,
          "flexDirection": "column",
          "justifyContent": "center",
        },
        Object {
          "paddingBottom": 0,
        },
      ]
    }
  >
    <View
      style={
        Object {
          "backgroundColor": "white",
          "elevation": 5,
          "flex": 1,
          "margin": 0,
          "paddingVertical": 0,
          "shadowColor": "#fff",
          "shadowOffset": Object {
            "height": 2,
            "width": 0,
          },
          "shadowOpacity": 0.25,
          "shadowRadius": 4,
          "width": "100%",
        }
      }
    >
      <RCTScrollView
        showsVerticalScrollIndicator={false}
      >
        <View>
          <View
            style={
              Object {
                "padding": 30,
              }
            }
          >
            <View
              style={
                Object {
                  "alignItems": "center",
                  "flexDirection": "row",
                  "justifyContent": "space-between",
                  "marginBottom": 20,
                }
              }
            >
              <Text
                style={
                  Object {
                    "fontSize": 20,
                    "fontWeight": "700",
                  }
                }
              >
                Modal Title
              </Text>
              <View
                accessible={true}
                collapsable={false}
                focusable={true}
                onBlur={[Function]}
                onClick={[Function]}
                onFocus={[Function]}
                onResponderGrant={[Function]}
                onResponderMove={[Function]}
                onResponderRelease={[Function]}
                onResponderTerminate={[Function]}
                onResponderTerminationRequest={[Function]}
                onStartShouldSetResponder={[Function]}
                style={
                  Array [
                    Array [
                      Object {
                        "alignItems": "center",
                        "borderRadius": 30,
                        "height": 60,
                        "justifyContent": "center",
                        "padding": 5,
                        "width": "auto",
                      },
                      Object {
                        "backgroundColor": "transparent",
                      },
                    ],
                    undefined,
                    undefined,
                  ]
                }
              >
                <IonIcon
                  accessibilityLabel="close"
                  color="black"
                  name="close"
                  size={28}
                />
              </View>
            </View>
            <Text>
              Modal Content
            </Text>
          </View>
        </View>
      </RCTScrollView>
    </View>
  </View>
</View>
`;
